Java HotSpot(TM) 64-Bit Server VM (25.271-b09) for bsd-amd64 JRE (1.8.0_271-b09), built on Sep 16 2020 16:54:38 by "java_re" with gcc 4.2.1 Compatible Apple LLVM 10.0.0 (clang-1000.11.45.5)
Memory: 4k page, physical 16777216k(1664780k free)

/proc/meminfo:

CommandLine flags: -XX:InitialHeapSize=4294967296 -XX:MaxHeapSize=4294967296 -XX:+PrintGC -XX:+PrintGCDateStamps -XX:+PrintGCDetails -XX:+PrintGCTimeStamps -XX:+UseCompressedClassPointers -XX:+UseCompressedOops -XX:+UseG1GC 
2020-10-25T20:40:54.566-0800: 0.203: [GC pause (G1 Evacuation Pause) (young), 0.0251850 secs]
   [Parallel Time: 24.6 ms, GC Workers: 8]
      [GC Worker Start (ms): Min: 202.9, Avg: 203.0, Max: 203.1, Diff: 0.2]
      [Ext Root Scanning (ms): Min: 0.1, Avg: 0.2, Max: 0.4, Diff: 0.4, Sum: 1.4]
      [Update RS (ms): Min: 0.0, Avg: 0.0, Max: 0.0, Diff: 0.0, Sum: 0.0]
         [Processed Buffers: Min: 0, Avg: 0.0, Max: 0, Diff: 0, Sum: 0]
      [Scan RS (ms): Min: 0.0, Avg: 0.0, Max: 0.0, Diff: 0.0, Sum: 0.1]
      [Code Root Scanning (ms): Min: 0.0, Avg: 0.0, Max: 0.1, Diff: 0.1, Sum: 0.1]
      [Object Copy (ms): Min: 23.8, Avg: 23.9, Max: 24.1, Diff: 0.3, Sum: 191.4]
      [Termination (ms): Min: 0.0, Avg: 0.2, Max: 0.5, Diff: 0.5, Sum: 1.8]
         [Termination Attempts: Min: 1, Avg: 1.0, Max: 1, Diff: 0, Sum: 8]
      [GC Worker Other (ms): Min: 0.0, Avg: 0.0, Max: 0.1, Diff: 0.0, Sum: 0.2]
      [GC Worker Total (ms): Min: 24.3, Avg: 24.4, Max: 24.5, Diff: 0.2, Sum: 195.0]
      [GC Worker End (ms): Min: 227.3, Avg: 227.4, Max: 227.5, Diff: 0.1]
   [Code Root Fixup: 0.0 ms]
   [Code Root Purge: 0.0 ms]
   [Clear CT: 0.1 ms]
   [Other: 0.5 ms]
      [Choose CSet: 0.0 ms]
      [Ref Proc: 0.1 ms]
      [Ref Enq: 0.0 ms]
      [Redirty Cards: 0.1 ms]
      [Humongous Register: 0.1 ms]
      [Humongous Reclaim: 0.0 ms]
      [Free CSet: 0.0 ms]
   [Eden: 204.0M(204.0M)->0.0B(178.0M) Survivors: 0.0B->26.0M Heap: 204.0M(4096.0M)->67.1M(4096.0M)]
 [Times: user=0.03 sys=0.13, real=0.03 secs] 
2020-10-25T20:40:54.616-0800: 0.252: [GC pause (G1 Evacuation Pause) (young), 0.0240513 secs]
   [Parallel Time: 23.5 ms, GC Workers: 8]
      [GC Worker Start (ms): Min: 252.2, Avg: 252.3, Max: 252.3, Diff: 0.1]
      [Ext Root Scanning (ms): Min: 0.1, Avg: 0.1, Max: 0.2, Diff: 0.2, Sum: 1.1]
      [Update RS (ms): Min: 0.0, Avg: 0.0, Max: 0.0, Diff: 0.0, Sum: 0.1]
         [Processed Buffers: Min: 0, Avg: 1.0, Max: 2, Diff: 2, Sum: 8]
      [Scan RS (ms): Min: 0.0, Avg: 0.0, Max: 0.0, Diff: 0.0, Sum: 0.1]
      [Code Root Scanning (ms): Min: 0.0, Avg: 0.0, Max: 0.0, Diff: 0.0, Sum: 0.0]
      [Object Copy (ms): Min: 22.6, Avg: 22.8, Max: 23.1, Diff: 0.5, Sum: 182.4]
      [Termination (ms): Min: 0.0, Avg: 0.4, Max: 0.6, Diff: 0.6, Sum: 2.8]
         [Termination Attempts: Min: 1, Avg: 1.0, Max: 1, Diff: 0, Sum: 8]
      [GC Worker Other (ms): Min: 0.0, Avg: 0.0, Max: 0.0, Diff: 0.0, Sum: 0.1]
      [GC Worker Total (ms): Min: 23.2, Avg: 23.3, Max: 23.4, Diff: 0.1, Sum: 186.6]
      [GC Worker End (ms): Min: 275.5, Avg: 275.6, Max: 275.7, Diff: 0.2]
   [Code Root Fixup: 0.0 ms]
   [Code Root Purge: 0.0 ms]
   [Clear CT: 0.1 ms]
   [Other: 0.5 ms]
      [Choose CSet: 0.0 ms]
      [Ref Proc: 0.1 ms]
      [Ref Enq: 0.0 ms]
      [Redirty Cards: 0.1 ms]
      [Humongous Register: 0.0 ms]
      [Humongous Reclaim: 0.0 ms]
      [Free CSet: 0.0 ms]
   [Eden: 178.0M(178.0M)->0.0B(178.0M) Survivors: 26.0M->26.0M Heap: 245.1M(4096.0M)->127.6M(4096.0M)]
 [Times: user=0.04 sys=0.11, real=0.03 secs] 
2020-10-25T20:40:54.662-0800: 0.298: [GC pause (G1 Evacuation Pause) (young), 0.0231794 secs]
   [Parallel Time: 22.5 ms, GC Workers: 8]
      [GC Worker Start (ms): Min: 298.1, Avg: 298.2, Max: 298.2, Diff: 0.1]
      [Ext Root Scanning (ms): Min: 0.1, Avg: 0.1, Max: 0.2, Diff: 0.1, Sum: 0.8]
      [Update RS (ms): Min: 0.0, Avg: 0.1, Max: 0.4, Diff: 0.4, Sum: 0.8]
         [Processed Buffers: Min: 1, Avg: 1.2, Max: 2, Diff: 1, Sum: 10]
      [Scan RS (ms): Min: 0.0, Avg: 0.0, Max: 0.0, Diff: 0.0, Sum: 0.1]
      [Code Root Scanning (ms): Min: 0.0, Avg: 0.0, Max: 0.0, Diff: 0.0, Sum: 0.0]
      [Object Copy (ms): Min: 21.6, Avg: 21.8, Max: 22.1, Diff: 0.5, Sum: 174.7]
      [Termination (ms): Min: 0.0, Avg: 0.3, Max: 0.6, Diff: 0.6, Sum: 2.6]
         [Termination Attempts: Min: 1, Avg: 1.0, Max: 1, Diff: 0, Sum: 8]
      [GC Worker Other (ms): Min: 0.0, Avg: 0.0, Max: 0.0, Diff: 0.0, Sum: 0.1]
      [GC Worker Total (ms): Min: 22.3, Avg: 22.4, Max: 22.4, Diff: 0.1, Sum: 179.1]
      [GC Worker End (ms): Min: 320.5, Avg: 320.5, Max: 320.6, Diff: 0.1]
   [Code Root Fixup: 0.0 ms]
   [Code Root Purge: 0.0 ms]
   [Clear CT: 0.1 ms]
   [Other: 0.5 ms]
      [Choose CSet: 0.0 ms]
      [Ref Proc: 0.2 ms]
      [Ref Enq: 0.0 ms]
      [Redirty Cards: 0.1 ms]
      [Humongous Register: 0.0 ms]
      [Humongous Reclaim: 0.0 ms]
      [Free CSet: 0.0 ms]
   [Eden: 178.0M(178.0M)->0.0B(178.0M) Survivors: 26.0M->26.0M Heap: 305.6M(4096.0M)->186.4M(4096.0M)]
 [Times: user=0.04 sys=0.10, real=0.02 secs] 
2020-10-25T20:40:54.705-0800: 0.341: [GC pause (G1 Evacuation Pause) (young), 0.0241682 secs]
   [Parallel Time: 23.6 ms, GC Workers: 8]
      [GC Worker Start (ms): Min: 341.4, Avg: 341.5, Max: 341.5, Diff: 0.1]
      [Ext Root Scanning (ms): Min: 0.1, Avg: 0.1, Max: 0.2, Diff: 0.1, Sum: 0.8]
      [Update RS (ms): Min: 0.0, Avg: 0.0, Max: 0.1, Diff: 0.1, Sum: 0.4]
         [Processed Buffers: Min: 1, Avg: 1.2, Max: 2, Diff: 1, Sum: 10]
      [Scan RS (ms): Min: 0.0, Avg: 0.0, Max: 0.0, Diff: 0.0, Sum: 0.1]
      [Code Root Scanning (ms): Min: 0.0, Avg: 0.0, Max: 0.0, Diff: 0.0, Sum: 0.0]
      [Object Copy (ms): Min: 22.6, Avg: 23.0, Max: 23.2, Diff: 0.6, Sum: 183.7]
      [Termination (ms): Min: 0.0, Avg: 0.3, Max: 0.6, Diff: 0.6, Sum: 2.4]
         [Termination Attempts: Min: 1, Avg: 1.0, Max: 1, Diff: 0, Sum: 8]
      [GC Worker Other (ms): Min: 0.0, Avg: 0.0, Max: 0.0, Diff: 0.0, Sum: 0.1]
      [GC Worker Total (ms): Min: 23.4, Avg: 23.4, Max: 23.6, Diff: 0.2, Sum: 187.5]
      [GC Worker End (ms): Min: 364.8, Avg: 364.9, Max: 365.0, Diff: 0.1]
   [Code Root Fixup: 0.0 ms]
   [Code Root Purge: 0.0 ms]
   [Clear CT: 0.1 ms]
   [Other: 0.5 ms]
      [Choose CSet: 0.0 ms]
      [Ref Proc: 0.1 ms]
      [Ref Enq: 0.0 ms]
      [Redirty Cards: 0.1 ms]
      [Humongous Register: 0.0 ms]
      [Humongous Reclaim: 0.0 ms]
      [Free CSet: 0.0 ms]
   [Eden: 178.0M(178.0M)->0.0B(178.0M) Survivors: 26.0M->26.0M Heap: 364.4M(4096.0M)->248.5M(4096.0M)]
 [Times: user=0.03 sys=0.11, real=0.02 secs] 
2020-10-25T20:40:54.748-0800: 0.385: [GC pause (G1 Evacuation Pause) (young), 0.0212956 secs]
   [Parallel Time: 20.8 ms, GC Workers: 8]
      [GC Worker Start (ms): Min: 385.0, Avg: 385.0, Max: 385.1, Diff: 0.1]
      [Ext Root Scanning (ms): Min: 0.1, Avg: 0.1, Max: 0.2, Diff: 0.1, Sum: 0.8]
      [Update RS (ms): Min: 0.0, Avg: 0.0, Max: 0.1, Diff: 0.1, Sum: 0.3]
         [Processed Buffers: Min: 0, Avg: 1.2, Max: 3, Diff: 3, Sum: 10]
      [Scan RS (ms): Min: 0.0, Avg: 0.0, Max: 0.0, Diff: 0.0, Sum: 0.1]
      [Code Root Scanning (ms): Min: 0.0, Avg: 0.0, Max: 0.0, Diff: 0.0, Sum: 0.0]
      [Object Copy (ms): Min: 19.6, Avg: 20.0, Max: 20.3, Diff: 0.7, Sum: 160.2]
      [Termination (ms): Min: 0.0, Avg: 0.4, Max: 0.8, Diff: 0.8, Sum: 3.1]
         [Termination Attempts: Min: 1, Avg: 1.0, Max: 1, Diff: 0, Sum: 8]
      [GC Worker Other (ms): Min: 0.0, Avg: 0.0, Max: 0.0, Diff: 0.0, Sum: 0.1]
      [GC Worker Total (ms): Min: 20.5, Avg: 20.6, Max: 20.7, Diff: 0.2, Sum: 164.6]
      [GC Worker End (ms): Min: 405.6, Avg: 405.6, Max: 405.7, Diff: 0.2]
   [Code Root Fixup: 0.0 ms]
   [Code Root Purge: 0.0 ms]
   [Clear CT: 0.1 ms]
   [Other: 0.5 ms]
      [Choose CSet: 0.0 ms]
      [Ref Proc: 0.1 ms]
      [Ref Enq: 0.0 ms]
      [Redirty Cards: 0.1 ms]
      [Humongous Register: 0.0 ms]
      [Humongous Reclaim: 0.0 ms]
      [Free CSet: 0.0 ms]
   [Eden: 178.0M(178.0M)->0.0B(178.0M) Survivors: 26.0M->26.0M Heap: 426.5M(4096.0M)->305.4M(4096.0M)]
 [Times: user=0.03 sys=0.10, real=0.03 secs] 
2020-10-25T20:40:54.790-0800: 0.427: [GC pause (G1 Evacuation Pause) (young), 0.0211153 secs]
   [Parallel Time: 20.4 ms, GC Workers: 8]
      [GC Worker Start (ms): Min: 426.7, Avg: 426.7, Max: 426.8, Diff: 0.1]
      [Ext Root Scanning (ms): Min: 0.1, Avg: 0.1, Max: 0.2, Diff: 0.1, Sum: 0.8]
      [Update RS (ms): Min: 0.0, Avg: 0.0, Max: 0.1, Diff: 0.1, Sum: 0.4]
         [Processed Buffers: Min: 1, Avg: 1.1, Max: 2, Diff: 1, Sum: 9]
      [Scan RS (ms): Min: 0.0, Avg: 0.0, Max: 0.0, Diff: 0.0, Sum: 0.1]
      [Code Root Scanning (ms): Min: 0.0, Avg: 0.0, Max: 0.0, Diff: 0.0, Sum: 0.0]
      [Object Copy (ms): Min: 19.5, Avg: 19.8, Max: 20.1, Diff: 0.5, Sum: 158.4]
      [Termination (ms): Min: 0.0, Avg: 0.3, Max: 0.6, Diff: 0.6, Sum: 2.3]
         [Termination Attempts: Min: 1, Avg: 1.0, Max: 1, Diff: 0, Sum: 8]
      [GC Worker Other (ms): Min: 0.0, Avg: 0.0, Max: 0.0, Diff: 0.0, Sum: 0.1]
      [GC Worker Total (ms): Min: 20.2, Avg: 20.3, Max: 20.3, Diff: 0.1, Sum: 162.1]
      [GC Worker End (ms): Min: 447.0, Avg: 447.0, Max: 447.1, Diff: 0.1]
   [Code Root Fixup: 0.0 ms]
   [Code Root Purge: 0.0 ms]
   [Clear CT: 0.1 ms]
   [Other: 0.6 ms]
      [Choose CSet: 0.0 ms]
      [Ref Proc: 0.2 ms]
      [Ref Enq: 0.0 ms]
      [Redirty Cards: 0.1 ms]
      [Humongous Register: 0.1 ms]
      [Humongous Reclaim: 0.0 ms]
      [Free CSet: 0.0 ms]
   [Eden: 178.0M(178.0M)->0.0B(178.0M) Survivors: 26.0M->26.0M Heap: 483.4M(4096.0M)->357.6M(4096.0M)]
 [Times: user=0.03 sys=0.10, real=0.02 secs] 
2020-10-25T20:40:54.830-0800: 0.466: [GC pause (G1 Evacuation Pause) (young), 0.0244130 secs]
   [Parallel Time: 23.9 ms, GC Workers: 8]
      [GC Worker Start (ms): Min: 466.3, Avg: 466.3, Max: 466.4, Diff: 0.1]
      [Ext Root Scanning (ms): Min: 0.1, Avg: 0.1, Max: 0.2, Diff: 0.1, Sum: 0.8]
      [Update RS (ms): Min: 0.0, Avg: 0.1, Max: 0.2, Diff: 0.1, Sum: 0.4]
         [Processed Buffers: Min: 1, Avg: 1.1, Max: 2, Diff: 1, Sum: 9]
      [Scan RS (ms): Min: 0.0, Avg: 0.0, Max: 0.0, Diff: 0.0, Sum: 0.1]
      [Code Root Scanning (ms): Min: 0.0, Avg: 0.0, Max: 0.0, Diff: 0.0, Sum: 0.0]
      [Object Copy (ms): Min: 22.8, Avg: 23.1, Max: 23.4, Diff: 0.6, Sum: 184.7]
      [Termination (ms): Min: 0.0, Avg: 0.4, Max: 0.7, Diff: 0.7, Sum: 3.3]
         [Termination Attempts: Min: 1, Avg: 1.0, Max: 1, Diff: 0, Sum: 8]
      [GC Worker Other (ms): Min: 0.0, Avg: 0.0, Max: 0.0, Diff: 0.0, Sum: 0.1]
      [GC Worker Total (ms): Min: 23.6, Avg: 23.7, Max: 23.8, Diff: 0.2, Sum: 189.4]
      [GC Worker End (ms): Min: 490.0, Avg: 490.0, Max: 490.1, Diff: 0.2]
   [Code Root Fixup: 0.0 ms]
   [Code Root Purge: 0.0 ms]
   [Clear CT: 0.1 ms]
   [Other: 0.4 ms]
      [Choose CSet: 0.0 ms]
      [Ref Proc: 0.1 ms]
      [Ref Enq: 0.0 ms]
      [Redirty Cards: 0.1 ms]
      [Humongous Register: 0.1 ms]
      [Humongous Reclaim: 0.0 ms]
      [Free CSet: 0.0 ms]
   [Eden: 178.0M(178.0M)->0.0B(192.0M) Survivors: 26.0M->26.0M Heap: 535.6M(4096.0M)->416.8M(4096.0M)]
 [Times: user=0.04 sys=0.11, real=0.02 secs] 
2020-10-25T20:40:54.874-0800: 0.510: [GC pause (G1 Evacuation Pause) (young), 0.0238083 secs]
   [Parallel Time: 23.1 ms, GC Workers: 8]
      [GC Worker Start (ms): Min: 510.4, Avg: 510.5, Max: 510.6, Diff: 0.2]
      [Ext Root Scanning (ms): Min: 0.0, Avg: 0.1, Max: 0.2, Diff: 0.2, Sum: 0.6]
      [Update RS (ms): Min: 0.0, Avg: 0.1, Max: 0.1, Diff: 0.1, Sum: 0.4]
         [Processed Buffers: Min: 1, Avg: 1.1, Max: 2, Diff: 1, Sum: 9]
      [Scan RS (ms): Min: 0.0, Avg: 0.0, Max: 0.0, Diff: 0.0, Sum: 0.1]
      [Code Root Scanning (ms): Min: 0.0, Avg: 0.0, Max: 0.0, Diff: 0.0, Sum: 0.0]
      [Object Copy (ms): Min: 22.4, Avg: 22.5, Max: 22.7, Diff: 0.3, Sum: 180.1]
      [Termination (ms): Min: 0.0, Avg: 0.3, Max: 0.4, Diff: 0.4, Sum: 2.1]
         [Termination Attempts: Min: 1, Avg: 1.0, Max: 1, Diff: 0, Sum: 8]
      [GC Worker Other (ms): Min: 0.0, Avg: 0.0, Max: 0.0, Diff: 0.0, Sum: 0.1]
      [GC Worker Total (ms): Min: 22.8, Avg: 22.9, Max: 23.1, Diff: 0.3, Sum: 183.3]
      [GC Worker End (ms): Min: 533.3, Avg: 533.4, Max: 533.5, Diff: 0.2]
   [Code Root Fixup: 0.0 ms]
   [Code Root Purge: 0.0 ms]
   [Clear CT: 0.1 ms]
   [Other: 0.6 ms]
      [Choose CSet: 0.0 ms]
      [Ref Proc: 0.2 ms]
      [Ref Enq: 0.0 ms]
      [Redirty Cards: 0.1 ms]
      [Humongous Register: 0.1 ms]
      [Humongous Reclaim: 0.0 ms]
      [Free CSet: 0.0 ms]
   [Eden: 192.0M(192.0M)->0.0B(242.0M) Survivors: 26.0M->28.0M Heap: 608.8M(4096.0M)->476.5M(4096.0M)]
 [Times: user=0.04 sys=0.12, real=0.02 secs] 
2020-10-25T20:40:54.933-0800: 0.569: [GC pause (G1 Evacuation Pause) (young), 0.0316392 secs]
   [Parallel Time: 31.0 ms, GC Workers: 8]
      [GC Worker Start (ms): Min: 569.4, Avg: 569.5, Max: 569.6, Diff: 0.1]
      [Ext Root Scanning (ms): Min: 0.1, Avg: 0.1, Max: 0.2, Diff: 0.1, Sum: 0.9]
      [Update RS (ms): Min: 0.0, Avg: 0.1, Max: 0.2, Diff: 0.2, Sum: 0.6]
         [Processed Buffers: Min: 1, Avg: 1.2, Max: 3, Diff: 2, Sum: 10]
      [Scan RS (ms): Min: 0.0, Avg: 0.0, Max: 0.0, Diff: 0.0, Sum: 0.1]
      [Code Root Scanning (ms): Min: 0.0, Avg: 0.0, Max: 0.0, Diff: 0.0, Sum: 0.0]
      [Object Copy (ms): Min: 30.0, Avg: 30.3, Max: 30.6, Diff: 0.6, Sum: 242.4]
      [Termination (ms): Min: 0.0, Avg: 0.3, Max: 0.6, Diff: 0.6, Sum: 2.5]
         [Termination Attempts: Min: 1, Avg: 1.0, Max: 1, Diff: 0, Sum: 8]
      [GC Worker Other (ms): Min: 0.0, Avg: 0.0, Max: 0.0, Diff: 0.0, Sum: 0.1]
      [GC Worker Total (ms): Min: 30.7, Avg: 30.8, Max: 30.9, Diff: 0.2, Sum: 246.6]
      [GC Worker End (ms): Min: 600.3, Avg: 600.3, Max: 600.4, Diff: 0.2]
   [Code Root Fixup: 0.0 ms]
   [Code Root Purge: 0.0 ms]
   [Clear CT: 0.1 ms]
   [Other: 0.5 ms]
      [Choose CSet: 0.0 ms]
      [Ref Proc: 0.1 ms]
      [Ref Enq: 0.0 ms]
      [Redirty Cards: 0.1 ms]
      [Humongous Register: 0.1 ms]
      [Humongous Reclaim: 0.0 ms]
      [Free CSet: 0.0 ms]
   [Eden: 242.0M(242.0M)->0.0B(252.0M) Survivors: 28.0M->34.0M Heap: 718.5M(4096.0M)->549.7M(4096.0M)]
 [Times: user=0.04 sys=0.16, real=0.03 secs] 
2020-10-25T20:40:54.993-0800: 0.629: [GC pause (G1 Evacuation Pause) (young), 0.0345963 secs]
   [Parallel Time: 34.0 ms, GC Workers: 8]
      [GC Worker Start (ms): Min: 629.2, Avg: 629.3, Max: 629.4, Diff: 0.1]
      [Ext Root Scanning (ms): Min: 0.1, Avg: 0.1, Max: 0.2, Diff: 0.1, Sum: 0.9]
      [Update RS (ms): Min: 0.0, Avg: 0.1, Max: 0.1, Diff: 0.1, Sum: 0.5]
         [Processed Buffers: Min: 1, Avg: 1.1, Max: 2, Diff: 1, Sum: 9]
      [Scan RS (ms): Min: 0.0, Avg: 0.0, Max: 0.0, Diff: 0.0, Sum: 0.1]
      [Code Root Scanning (ms): Min: 0.0, Avg: 0.0, Max: 0.0, Diff: 0.0, Sum: 0.0]
      [Object Copy (ms): Min: 33.3, Avg: 33.3, Max: 33.5, Diff: 0.2, Sum: 266.8]
      [Termination (ms): Min: 0.0, Avg: 0.2, Max: 0.4, Diff: 0.4, Sum: 1.8]
         [Termination Attempts: Min: 1, Avg: 1.0, Max: 1, Diff: 0, Sum: 8]
      [GC Worker Other (ms): Min: 0.0, Avg: 0.0, Max: 0.0, Diff: 0.0, Sum: 0.1]
      [GC Worker Total (ms): Min: 33.7, Avg: 33.8, Max: 33.9, Diff: 0.2, Sum: 270.2]
      [GC Worker End (ms): Min: 663.0, Avg: 663.1, Max: 663.2, Diff: 0.2]
   [Code Root Fixup: 0.0 ms]
   [Code Root Purge: 0.0 ms]
   [Clear CT: 0.1 ms]
   [Other: 0.5 ms]
      [Choose CSet: 0.0 ms]
      [Ref Proc: 0.2 ms]
      [Ref Enq: 0.0 ms]
      [Redirty Cards: 0.1 ms]
      [Humongous Register: 0.1 ms]
      [Humongous Reclaim: 0.0 ms]
      [Free CSet: 0.0 ms]
   [Eden: 252.0M(252.0M)->0.0B(392.0M) Survivors: 34.0M->36.0M Heap: 801.7M(4096.0M)->635.3M(4096.0M)]
 [Times: user=0.04 sys=0.17, real=0.03 secs] 
2020-10-25T20:40:55.112-0800: 0.749: [GC pause (G1 Evacuation Pause) (young), 0.0485740 secs]
   [Parallel Time: 47.8 ms, GC Workers: 8]
      [GC Worker Start (ms): Min: 748.9, Avg: 748.9, Max: 749.0, Diff: 0.1]
      [Ext Root Scanning (ms): Min: 0.1, Avg: 0.1, Max: 0.2, Diff: 0.1, Sum: 0.8]
      [Update RS (ms): Min: 0.0, Avg: 0.1, Max: 0.1, Diff: 0.1, Sum: 0.6]
         [Processed Buffers: Min: 1, Avg: 1.1, Max: 2, Diff: 1, Sum: 9]
      [Scan RS (ms): Min: 0.0, Avg: 0.0, Max: 0.0, Diff: 0.0, Sum: 0.2]
      [Code Root Scanning (ms): Min: 0.0, Avg: 0.0, Max: 0.0, Diff: 0.0, Sum: 0.0]
      [Object Copy (ms): Min: 46.8, Avg: 47.0, Max: 47.4, Diff: 0.6, Sum: 376.2]
      [Termination (ms): Min: 0.0, Avg: 0.4, Max: 0.6, Diff: 0.6, Sum: 3.3]
         [Termination Attempts: Min: 1, Avg: 1.0, Max: 1, Diff: 0, Sum: 8]
      [GC Worker Other (ms): Min: 0.0, Avg: 0.0, Max: 0.0, Diff: 0.0, Sum: 0.1]
      [GC Worker Total (ms): Min: 47.6, Avg: 47.7, Max: 47.7, Diff: 0.2, Sum: 381.2]
      [GC Worker End (ms): Min: 796.5, Avg: 796.6, Max: 796.7, Diff: 0.1]
   [Code Root Fixup: 0.0 ms]
   [Code Root Purge: 0.0 ms]
   [Clear CT: 0.1 ms]
   [Other: 0.6 ms]
      [Choose CSet: 0.0 ms]
      [Ref Proc: 0.2 ms]
      [Ref Enq: 0.0 ms]
      [Redirty Cards: 0.1 ms]
      [Humongous Register: 0.1 ms]
      [Humongous Reclaim: 0.0 ms]
      [Free CSet: 0.1 ms]
   [Eden: 392.0M(392.0M)->0.0B(356.0M) Survivors: 36.0M->54.0M Heap: 1027.3M(4096.0M)->755.5M(4096.0M)]
 [Times: user=0.06 sys=0.24, real=0.05 secs] 
2020-10-25T20:40:55.204-0800: 0.841: [GC pause (G1 Evacuation Pause) (young), 0.0361450 secs]
   [Parallel Time: 35.5 ms, GC Workers: 8]
      [GC Worker Start (ms): Min: 840.8, Avg: 840.9, Max: 840.9, Diff: 0.1]
      [Ext Root Scanning (ms): Min: 0.1, Avg: 0.1, Max: 0.2, Diff: 0.1, Sum: 0.8]
      [Update RS (ms): Min: 0.1, Avg: 0.1, Max: 0.1, Diff: 0.1, Sum: 0.7]
         [Processed Buffers: Min: 1, Avg: 1.1, Max: 2, Diff: 1, Sum: 9]
      [Scan RS (ms): Min: 0.0, Avg: 0.0, Max: 0.0, Diff: 0.0, Sum: 0.1]
      [Code Root Scanning (ms): Min: 0.0, Avg: 0.0, Max: 0.0, Diff: 0.0, Sum: 0.0]
      [Object Copy (ms): Min: 34.6, Avg: 34.8, Max: 35.1, Diff: 0.5, Sum: 278.7]
      [Termination (ms): Min: 0.0, Avg: 0.2, Max: 0.6, Diff: 0.6, Sum: 1.9]
         [Termination Attempts: Min: 1, Avg: 1.0, Max: 1, Diff: 0, Sum: 8]
      [GC Worker Other (ms): Min: 0.0, Avg: 0.0, Max: 0.0, Diff: 0.0, Sum: 0.1]
      [GC Worker Total (ms): Min: 35.2, Avg: 35.3, Max: 35.3, Diff: 0.1, Sum: 282.4]
      [GC Worker End (ms): Min: 876.1, Avg: 876.2, Max: 876.3, Diff: 0.1]
   [Code Root Fixup: 0.0 ms]
   [Code Root Purge: 0.0 ms]
   [Clear CT: 0.1 ms]
   [Other: 0.6 ms]
      [Choose CSet: 0.0 ms]
      [Ref Proc: 0.1 ms]
      [Ref Enq: 0.0 ms]
      [Redirty Cards: 0.1 ms]
      [Humongous Register: 0.1 ms]
      [Humongous Reclaim: 0.0 ms]
      [Free CSet: 0.1 ms]
   [Eden: 356.0M(356.0M)->0.0B(426.0M) Survivors: 54.0M->52.0M Heap: 1111.5M(4096.0M)->850.9M(4096.0M)]
 [Times: user=0.05 sys=0.16, real=0.04 secs] 
2020-10-25T20:40:55.291-0800: 0.928: [GC pause (G1 Evacuation Pause) (young), 0.0500759 secs]
   [Parallel Time: 48.9 ms, GC Workers: 8]
      [GC Worker Start (ms): Min: 928.0, Avg: 928.1, Max: 928.3, Diff: 0.2]
      [Ext Root Scanning (ms): Min: 0.0, Avg: 0.1, Max: 0.2, Diff: 0.2, Sum: 0.8]
      [Update RS (ms): Min: 0.0, Avg: 0.1, Max: 0.3, Diff: 0.3, Sum: 0.7]
         [Processed Buffers: Min: 0, Avg: 1.1, Max: 2, Diff: 2, Sum: 9]
      [Scan RS (ms): Min: 0.0, Avg: 0.0, Max: 0.0, Diff: 0.0, Sum: 0.2]
      [Code Root Scanning (ms): Min: 0.0, Avg: 0.0, Max: 0.0, Diff: 0.0, Sum: 0.0]
      [Object Copy (ms): Min: 47.8, Avg: 48.1, Max: 48.3, Diff: 0.6, Sum: 384.7]
      [Termination (ms): Min: 0.0, Avg: 0.3, Max: 0.6, Diff: 0.6, Sum: 2.6]
         [Termination Attempts: Min: 1, Avg: 1.0, Max: 1, Diff: 0, Sum: 8]
      [GC Worker Other (ms): Min: 0.0, Avg: 0.0, Max: 0.0, Diff: 0.0, Sum: 0.1]
      [GC Worker Total (ms): Min: 48.5, Avg: 48.6, Max: 48.7, Diff: 0.2, Sum: 389.1]
      [GC Worker End (ms): Min: 976.7, Avg: 976.8, Max: 976.8, Diff: 0.2]
   [Code Root Fixup: 0.0 ms]
   [Code Root Purge: 0.0 ms]
   [Clear CT: 0.1 ms]
   [Other: 1.1 ms]
      [Choose CSet: 0.0 ms]
      [Ref Proc: 0.6 ms]
      [Ref Enq: 0.0 ms]
      [Redirty Cards: 0.1 ms]
      [Humongous Register: 0.1 ms]
      [Humongous Reclaim: 0.0 ms]
      [Free CSet: 0.1 ms]
   [Eden: 426.0M(426.0M)->0.0B(578.0M) Survivors: 52.0M->60.0M Heap: 1276.9M(4096.0M)->962.2M(4096.0M)]
 [Times: user=0.07 sys=0.24, real=0.05 secs] 
2020-10-25T20:40:55.448-0800: 1.085: [GC pause (G1 Evacuation Pause) (young), 0.0652041 secs]
   [Parallel Time: 63.8 ms, GC Workers: 8]
      [GC Worker Start (ms): Min: 1084.9, Avg: 1084.9, Max: 1085.0, Diff: 0.1]
      [Ext Root Scanning (ms): Min: 0.1, Avg: 0.1, Max: 0.2, Diff: 0.1, Sum: 0.8]
      [Update RS (ms): Min: 0.0, Avg: 0.1, Max: 0.1, Diff: 0.1, Sum: 0.7]
         [Processed Buffers: Min: 0, Avg: 1.1, Max: 3, Diff: 3, Sum: 9]
      [Scan RS (ms): Min: 0.0, Avg: 0.0, Max: 0.1, Diff: 0.1, Sum: 0.2]
      [Code Root Scanning (ms): Min: 0.0, Avg: 0.0, Max: 0.0, Diff: 0.0, Sum: 0.0]
      [Object Copy (ms): Min: 61.8, Avg: 62.2, Max: 63.2, Diff: 1.5, Sum: 497.8]
      [Termination (ms): Min: 0.0, Avg: 1.1, Max: 1.6, Diff: 1.6, Sum: 8.7]
         [Termination Attempts: Min: 1, Avg: 1.0, Max: 1, Diff: 0, Sum: 8]
      [GC Worker Other (ms): Min: 0.0, Avg: 0.0, Max: 0.0, Diff: 0.0, Sum: 0.1]
      [GC Worker Total (ms): Min: 63.5, Avg: 63.5, Max: 63.6, Diff: 0.2, Sum: 508.4]
      [GC Worker End (ms): Min: 1148.4, Avg: 1148.5, Max: 1148.6, Diff: 0.2]
   [Code Root Fixup: 0.0 ms]
   [Code Root Purge: 0.0 ms]
   [Clear CT: 0.1 ms]
   [Other: 1.2 ms]
      [Choose CSet: 0.0 ms]
      [Ref Proc: 0.8 ms]
      [Ref Enq: 0.0 ms]
      [Redirty Cards: 0.1 ms]
      [Humongous Register: 0.1 ms]
      [Humongous Reclaim: 0.0 ms]
      [Free CSet: 0.1 ms]
   [Eden: 578.0M(578.0M)->0.0B(642.0M) Survivors: 60.0M->80.0M Heap: 1540.2M(4096.0M)->1086.8M(4096.0M)]
 [Times: user=0.08 sys=0.25, real=0.07 secs] 
Heap
 garbage-first heap   total 4194304K, used 1112877K [0x00000006c0000000, 0x00000006c0204000, 0x00000007c0000000)
  region size 2048K, 41 young (83968K), 40 survivors (81920K)
 Metaspace       used 2732K, capacity 4486K, committed 4864K, reserved 1056768K
  class space    used 296K, capacity 386K, committed 512K, reserved 1048576K
